[debug] [2025-04-13T12:52:09.395Z] ----------------------------------------------------------------------
[debug] [2025-04-13T12:52:09.396Z] Command:       /Users/vishalkumar/.nvm/versions/node/v22.3.0/bin/node /Users/vishalkumar/.nvm/versions/node/v22.3.0/bin/firebase init hosting
[debug] [2025-04-13T12:52:09.396Z] CLI Version:   14.1.0
[debug] [2025-04-13T12:52:09.396Z] Platform:      darwin
[debug] [2025-04-13T12:52:09.396Z] Node Version:  v22.3.0
[debug] [2025-04-13T12:52:09.396Z] Time:          Sun Apr 13 2025 18:22:09 GMT+0530 (India Standard Time)
[debug] [2025-04-13T12:52:09.397Z] ----------------------------------------------------------------------
[debug] 
[debug] [2025-04-13T12:52:09.474Z] > command requires scopes: ["email","openid","https://www.googleapis.com/auth/cloudplatformprojects.readonly","https://www.googleapis.com/auth/firebase","https://www.googleapis.com/auth/cloud-platform"]
[debug] [2025-04-13T12:52:09.474Z] > authorizing via signed-in user (kumarvishal00021@gmail.com)
[info] 
     ######## #### ########  ######## ########     ###     ######  ########
     ##        ##  ##     ## ##       ##     ##  ##   ##  ##       ##
     ######    ##  ########  ######   ########  #########  ######  ######
     ##        ##  ##    ##  ##       ##     ## ##     ##       ## ##
     ##       #### ##     ## ######## ########  ##     ##  ######  ########

You're about to initialize a Firebase project in this directory:

  /Users/vishalkumar/vs.code programing/project/exam

Before we get started, keep in mind:

  * You are initializing within an existing Firebase project directory

[info] 
=== Project Setup
[info] 
[info] First, let's associate this project directory with a Firebase project.
[info] You can create multiple project aliases by running firebase use --add, 
[info] but for now we'll just set up a default project.
[info] 
[debug] [2025-04-13T12:52:09.475Z] Using project from CLI flag: exam-system-65761
[debug] [2025-04-13T12:52:09.476Z] Checked if tokens are valid: true, expires at: 1744551474131
[debug] [2025-04-13T12:52:09.476Z] Checked if tokens are valid: true, expires at: 1744551474131
[debug] [2025-04-13T12:52:09.476Z] >>> [apiv2][query] GET https://firebase.googleapis.com/v1beta1/projects/exam-system-65761 [none]
[debug] [2025-04-13T12:52:10.901Z] <<< [apiv2][status] GET https://firebase.googleapis.com/v1beta1/projects/exam-system-65761 200
[debug] [2025-04-13T12:52:10.902Z] <<< [apiv2][body] GET https://firebase.googleapis.com/v1beta1/projects/exam-system-65761 {"projectId":"exam-system-65761","projectNumber":"388201150905","displayName":"exam-system","name":"projects/exam-system-65761","resources":{"hostingSite":"exam-system-65761"},"state":"ACTIVE","etag":"1_0730461f-c1f2-49bf-a52d-baaff5531cd2"}
[info] i  Using project exam-system-65761 (exam-system) 
[info] 
=== Hosting Setup
[debug] [2025-04-13T12:52:10.911Z] Checked if tokens are valid: true, expires at: 1744551474131
[debug] [2025-04-13T12:52:10.911Z] Checked if tokens are valid: true, expires at: 1744551474131
[debug] [2025-04-13T12:52:10.911Z] >>> [apiv2][query] GET https://firebase.googleapis.com/v1beta1/projects/exam-system-65761 [none]
[debug] [2025-04-13T12:52:11.349Z] <<< [apiv2][status] GET https://firebase.googleapis.com/v1beta1/projects/exam-system-65761 200
[debug] [2025-04-13T12:52:11.350Z] <<< [apiv2][body] GET https://firebase.googleapis.com/v1beta1/projects/exam-system-65761 {"projectId":"exam-system-65761","projectNumber":"388201150905","displayName":"exam-system","name":"projects/exam-system-65761","resources":{"hostingSite":"exam-system-65761"},"state":"ACTIVE","etag":"1_0730461f-c1f2-49bf-a52d-baaff5531cd2"}
[info] 
[info] Your public directory is the folder (relative to your project directory) that
[info] will contain Hosting assets to be uploaded with firebase deploy. If you
[info] have a build process for your assets, use your build's output directory.
[info] 
